根据对「书声本地」P7 批次实施结果及实测数据的严格审查，以下是终审意见。

### 1. 九条防呆红线逐条核验表
本批次改动**存在多处严重的红线违反**，具体核验如下：

| 编号 | 防呆红线 | 是否触及 | 依据与说明 |
| :--- | :--- | :--- | :--- |
| **1** | **架构生命周期严谨，禁止非法常驻与内存泄漏** | ❌ **触及 (严重)** | **项1**：`CoordinatorHolder` 作为进程级单例，“借用”但不释放协调器，导致 TTS 模型与相关句柄在内存中永久驻留（泄漏），彻底破坏了正常的生命周期。 |
| **2** | **发布(Release)与调试(Debug)严格隔离，禁止降级回退** | ❌ **触及 (致命)** | **项7**：`key.properties` 缺失时回退调试密钥。若打包环境遗漏配置，将静默输出 Debug 签名的 Release 包，阻断老用户覆盖升级，造成严重的生产事故。 |
| **3** | **策略必须有实测数据支撑，禁止“想当然”与负优化** | ❌ **触及 (严重)** | **项8**：实测数据显示“线程越多越慢（2核 69s < 7核 108s）”，但代码逻辑依然执意将线程数上限设为“性能核数”，策略与实测数据完全背离，属于典型的负优化。 |
| **4** | **机型与 SoC 适配需精确收敛，禁止泛滥匹配** | ❌ **触及 (高危)** | **项9**：玄戒豁免使用极短的已知串 `O1`，缺乏前置限定，存在极高的误伤率。且未知厂商 fail-open 不告警，掩盖了潜在的 OOM 风险。 |
| **5** | **测试与静态检查必须真实全绿，禁止掩耳盗铃** | ❌ **触及 (违规)** | **P7-005**：在未核实 `detekt` 默认配置是否启用 `Unused*` 规则的情况下，直接以“未报告”为由关闭台账，未尽到“测试全绿才提交”的实质校验义务。 |
| **6** | **改行为先改文档** | ✅ 未触及 | 均有对应的 R 系列或 ADR/IM 编号作为依据。 |
| **7** | **编号续排不复用** | ✅ 未触及 | **项4**：删除自造 `TextToSpeechErrors`，系统通道已改用平台常量。 |
| **8** | **权限最小化且适时申请** | ✅ 未触及 | **项10**：API 33+ 运行时正确申请 `POST_NOTIFICATIONS` 权限。 |
| **9** | **依赖与产物配置最小可用** | ✅ 未触及 | **项5/6**：成功收敛至 arm64-v8a，且正确关闭了全量备份。 |

---

### 2. 线程数拓扑感知 (Item 8)
* **稳健性**：**极不稳健**。`cpuinfo_max_freq` 不能绝对代表性能核，0.75 也是无依据的 Magic Number。
* **边界异常**：
  * **大小核同频**（如部分联发科中低端 SoC）：会导致判定失效，全部识别为性能核。
  * **DVFS 上报异常 / 温控降频**：系统为了省电限制大核频率时，大核可能会被错误判定为小核。
  * **大小核调换 / 罕见拓扑**（如 4小+2大）：逻辑会错乱，将重负载分发给小核。
* **更稳健的判定法**：
  1. **最优解（无白名单）**：读取内核系统节点 `/sys/devices/system/cpu/cpuX/cpu_capacity`（该值代表内核标定的相对算力，满分为 1024）。
  2. **经验回退机制**：既然你的**实测数据已经证明 2 线程（69s）比 4 线程/7 线程快得多**，说明 `sherpa-onnx` 在移动端存在线程竞争开销。根本不需要复杂的拓扑感知，应直接将默认线程数上限收敛至 **2**，并暴露用户自定义选项。

---

### 3. 玄戒 XRING 豁免策略 (Item 9)
* **可接受度**：**不可接受**。
* **误伤风险**：极高。任何 `ro.soc.model` 或系统串中恰好包含 `O1`（例如 `SM8450-O1`、`POCO1` 等）的非目标 SoC 都会被豁免，导致低端机强行加载大模型崩溃。
* **收紧方案**：
  1. 必须增加强校验前置条件：`ro.product.manufacturer` 必须精确匹配 `Xiaomi`、`POCO` 或 `Redmi`。
  2. 强化正则匹配边界：使用 `\bO1\b` 或 `^O1$` 而非简单的 `.contains()`。

---

### 4. 误报判定结论
* **同意 P7-012（死资源 drawable-v21）**：如果 aapt2 在当前 SDK/AGP 版本下严格要求某些属性（如 `?android:attr/selectableItemBackground`）必须带有 `-v21` 限定符，强行合并会导致构建失败，保留双目录是正确做法。
* **同意 P7-009（空间预检 API）**：`File.getUsableSpace()` 未被废弃，对于 TTS 模型的下载和预检，其精度已经足够，引入 `StorageStatsManager` 徒增权限与适配复杂度。

---

### 5. 备份关闭 + 发布签名回退 (Item 6, 7)
* **发布风险**：**极高（P0级）**。
* 关闭备份和自签名证书配置没问题，但 **“`key.properties` 缺失时回退调试密钥”** 是致命的。
* **依据**：若 CI 或打包机忘了放密钥，Gradle 会用 Debug 签名打出一个 Release 产物。一旦发布，所有老用户将因“签名不一致”无法覆盖安装应用（`INSTALL_FAILED_UPDATE_INCOMPATIBLE`），这是灾难性的。
* **替代方案**：Release Variant 必须 Fail-Fast。如果没有 `key.properties`，必须直接 `throw GradleException("Release keystore properties not found")` 阻断编译。

---

### 6. 合并前的最后风险清单
**必须先处理 (P0/P1)**：
1. **P0 - 阻断签名降级**：立刻删除 Release 回退 Debug 签名的逻辑，必须 Fail-Fast（项 7）。
2. **P0 - 修复常驻泄漏**：废除 `CoordinatorHolder` 的无休止借用，必须实现基于引用计数或明确生命周期（Service / Lifecycle）的解绑机制释放底层句柄（项 1）。
3. **P1 - 修复线程负优化**：摒弃现有的 0.75 频率判定，依据实测结果，直接设定更为保守合理的线程数（建议封顶 2 线程），去除无意义的自动上限探测（项 8）。
4. **P1 - 收敛 SoC 豁免**：给 `O1` 判定加上厂商前提约束和正则边界（项 9）。
5. **P1 - 落实静态检查**：核实 `detekt` 的 `Unused*` 配置，不可掩耳盗铃（P7-005）。

**可以进"下一批"处理**：
1. `READY_WAIT_MS` 轮询分片：当前 <= 50ms 轮询可用，但下一批应重构为 Kotlin `Flow` 或 `CountDownLatch` 响应式等待，避免 CPU 唤醒开销。
2. 探索 `/sys/devices/system/cpu/cpuX/cpu_capacity` 替代现有的频率感知方案。

---

### 7. 最终结论
结论：**驳回**。

**依据**：该批次代码引入了破坏生命周期的强行常驻（内存泄漏）、极度危险的 Release 签名回退漏洞（生产事故隐患），且线程拓扑感知策略既不可靠，又与本地实测数据（线程越多越慢）发生自相矛盾。请严格对照上述 P0/P1 风险清单进行彻底整改后，再提请下一轮评审。
刚才在后台运行的搜索任务已完成。我注意到 `AGENTS.md` 及「书声本地」相关的项目文件位于 `/root/work/ebook2tts-local/` 目录下。

由于我已经基于您提供的详细实测证据和变更说明给出了完整的终审报告，暂不需要读取额外文件。如果您后续修改了代码，或者需要我直接审查具体源文件的修改细节，请随时告知，我可以使用只读工具查看该目录下的代码并进行二次复核。
EXIT=0
